[INFO] ScriptEngine::HandleBinding: Shift+_
[INFO]   No binding found for: Shift+_
[INFO] ScriptEngine::HandleBinding: Shift+_
[INFO]   No binding found for: Shift+_
[INFO] ScriptEngine::HandleBinding: Shift+S
[INFO]   No binding found for: Shift+S
[INFO] ScriptEngine::HandleBinding: Shift+T
[INFO]   No binding found for: Shift+T
[INFO] ScriptEngine::HandleBinding: Shift+&
[INFO]   No binding found for: Shift+&
[INFO] ScriptEngine::HandleBinding: Shift+&
[INFO]   No binding found for: Shift+&
[INFO] ScriptEngine::HandleBinding: Shift+T
[INFO]   No binding found for: Shift+T
[INFO] ScriptEngine::HandleBinding: Shift+E
[INFO]   No binding found for: Shift+E
[INFO] ScriptEngine::HandleBinding: Shift+@
[INFO]   No binding found for: Shift+@
[INFO] ScriptEngine::HandleBinding: Shift+T
[INFO]   No binding found for: Shift+T
[INFO] ScriptEngine::HandleBinding: Shift+E
[INFO]   No binding found for: Shift+E
[INFO] ScriptEngine::HandleBinding: Shift+D
[INFO]   No binding found for: Shift+D
[INFO] ScriptEngine::HandleBinding: Shift+E
[INFO]   No binding found for: Shift+E
[INFO] ScriptEngine::HandleBinding: Shift+@
[INFO]   No binding found for: Shift+@
[INFO] ScriptEngine::HandleBinding: Shift+:
[INFO]   No binding found for: Shift+:
[INFO] ScriptEngine::HandleBinding: Shift+:
[INFO]   No binding found for: Shift+:
[INFO] ScriptEngine::HandleBinding: Shift+:
[INFO]   No binding found for: Shift+:
[INFO] ScriptEngine::HandleBinding: Shift+R
[INFO]   No binding found for: Shift+R
[INFO] ScriptEngine::HandleBinding: Shift+A
[INFO]   No binding found for: Shift+A
[INFO] ScriptEngine::HandleBinding: Shift+I
[INFO]   No binding found for: Shift+I
[INFO] ScriptEngine::HandleBinding: Shift+H
[INFO]   No binding found for: Shift+H
[INFO] ScriptEngine::HandleBinding: Shift+A
[INFO]   No binding found for: Shift+A
[INFO] ScriptEngine::HandleBinding: Shift+I
[INFO]   No binding found for: Shift+I
[INFO] ScriptEngine::HandleBinding: Shift+H
[INFO]   No binding found for: Shift+H
[INFO] ScriptEngine::HandleBinding: Shift+A
[INFO]   No binding found for: Shift+A
[INFO] ScriptEngine::HandleBinding: Shift+I
[INFO]   No binding found for: Shift+I
[INFO] ScriptEngine::HandleBinding: Shift+@
[INFO]   No binding found for: Shift+@
[INFO] ScriptEngine::HandleBinding: Shift+A
[INFO]   No binding found for: Shift+A
[INFO] ScriptEngine::HandleBinding: Shift+A
[INFO]   No binding found for: Shift+A
[INFO] ScriptEngine::HandleBinding: Shift+@
[INFO]   No binding found for: Shift+@
[INFO] ScriptEngine::HandleBinding: Shift+A
[INFO]   No binding found for: Shift+A
[INFO] ScriptEngine::HandleBinding: Shift+I
[INFO]   No binding found for: Shift+I
[INFO] ScriptEngine::HandleBinding: Shift+*
[INFO]   No binding found for: Shift+*
[INFO] ScriptEngine::HandleBinding: Shift+(
[INFO]   No binding found for: Shift+(
[INFO] ScriptEngine::HandleBinding: Shift+@
[INFO]   No binding found for: Shift+@
[INFO] ScriptEngine::HandleBinding: Shift+@
[INFO]   No binding found for: Shift+@
[INFO] ScriptEngine::HandleBinding: Shift+@
[INFO]   No binding found for: Shift+@
