[INFO] ScriptEngine::HandleBinding: Shift+F
[INFO]   No binding found for: Shift+F
[INFO] ScriptEngine::HandleBinding: Shift+G
[INFO]   No binding found for: Shift+G
[INFO] ScriptEngine::HandleBinding: Shift+A
[INFO]   No binding found for: Shift+A
[INFO] ScriptEngine::HandleBinding: Shift+G
[INFO]   No binding found for: Shift+G
[INFO] ScriptEngine::HandleBinding: Shift+E
[INFO]   No binding found for: Shift+E
[INFO] HandleSize: width=1092 height=946 g_minibufferVisible=0
[INFO]   Minibuffer Layout: mbTop=924 mbHeight=0 promptWidth=0
[INFO] HandleSize: width=1109 height=946 g_minibufferVisible=0
[INFO]   Minibuffer Layout: mbTop=924 mbHeight=0 promptWidth=0
[INFO] HandleSize: width=1109 height=946 g_minibufferVisible=0
[INFO]   Minibuffer Layout: mbTop=946 mbHeight=0 promptWidth=0
[INFO] HandleSize: width=1109 height=946 g_minibufferVisible=0
[INFO]   Minibuffer Layout: mbTop=924 mbHeight=0 promptWidth=0
[INFO] HandleSize: width=1109 height=946 g_minibufferVisible=0
[INFO]   Minibuffer Layout: mbTop=924 mbHeight=0 promptWidth=0
[INFO] HandleSize: width=1109 height=946 g_minibufferVisible=0
[INFO]   Minibuffer Layout: mbTop=924 mbHeight=0 promptWidth=0
[INFO] HandleSize: width=1092 height=929 g_minibufferVisible=0
[INFO]   Minibuffer Layout: mbTop=907 mbHeight=0 promptWidth=0
[INFO] HandleSize: width=1109 height=929 g_minibufferVisible=0
[INFO]   Minibuffer Layout: mbTop=907 mbHeight=0 promptWidth=0
[INFO] HandleSize: width=1109 height=946 g_minibufferVisible=0
[INFO]   Minibuffer Layout: mbTop=924 mbHeight=0 promptWidth=0
[INFO] HandleSize: width=1092 height=929 g_minibufferVisible=0
[INFO]   Minibuffer Layout: mbTop=907 mbHeight=0 promptWidth=0
[INFO] HandleSize: width=1109 height=929 g_minibufferVisible=0
[INFO]   Minibuffer Layout: mbTop=907 mbHeight=0 promptWidth=0
[INFO] HandleSize: width=1109 height=946 g_minibufferVisible=0
[INFO]   Minibuffer Layout: mbTop=924 mbHeight=0 promptWidth=0
[INFO] HandleSize: width=1092 height=929 g_minibufferVisible=0
[INFO]   Minibuffer Layout: mbTop=907 mbHeight=0 promptWidth=0
[INFO] HandleSize: width=1109 height=929 g_minibufferVisible=0
[INFO]   Minibuffer Layout: mbTop=907 mbHeight=0 promptWidth=0
[INFO] HandleSize: width=1109 height=946 g_minibufferVisible=0
[INFO]   Minibuffer Layout: mbTop=924 mbHeight=0 promptWidth=0
[INFO] ScriptEngine::HandleBinding: Shift+*
[INFO]   No binding found for: Shift+*
[INFO] ScriptEngine::HandleBinding: Shift+(
[INFO]   No binding found for: Shift+(
[INFO] ScriptEngine::HandleBinding: Shift+?
[INFO]   No binding found for: Shift+?
[INFO] ScriptEngine::HandleBinding: Shift+@
[INFO]   No binding found for: Shift+@
[INFO] ScriptEngine::HandleBinding: Shift+:
[INFO]   No binding found for: Shift+:
[INFO] ScriptEngine::HandleBinding: Shift+:
[INFO]   No binding found for: Shift+:
[INFO] ScriptEngine::HandleBinding: Shift+:
[INFO]   No binding found for: Shift+:
[INFO] ScriptEngine::HandleBinding: Shift+@
[INFO]   No binding found for: Shift+@
[INFO] HandleSize: width=1109 height=946 g_minibufferVisible=0
[INFO]   Minibuffer Layout: mbTop=946 mbHeight=0 promptWidth=0
[INFO] HandleSize: width=1109 height=946 g_minibufferVisible=0
[INFO]   Minibuffer Layout: mbTop=946 mbHeight=0 promptWidth=0
[INFO] HandleSize: width=1109 height=946 g_minibufferVisible=0
[INFO]   Minibuffer Layout: mbTop=946 mbHeight=0 promptWidth=0
[INFO] HandleSize: width=1109 height=946 g_minibufferVisible=0
[INFO]   Minibuffer Layout: mbTop=924 mbHeight=0 promptWidth=0
[INFO] HandleSize: width=1109 height=946 g_minibufferVisible=0
[INFO]   Minibuffer Layout: mbTop=924 mbHeight=0 promptWidth=0
[INFO] HandleSize: width=1109 height=946 g_minibufferVisible=0
[INFO]   Minibuffer Layout: mbTop=924 mbHeight=0 promptWidth=0
[INFO] HandleSize: width=1109 height=946 g_minibufferVisible=0
[INFO]   Minibuffer Layout: mbTop=924 mbHeight=0 promptWidth=0
[INFO] HandleSize: width=1109 height=946 g_minibufferVisible=0
[INFO]   Minibuffer Layout: mbTop=924 mbHeight=0 promptWidth=0
[INFO] HandleSize: width=1109 height=946 g_minibufferVisible=0
[INFO]   Minibuffer Layout: mbTop=946 mbHeight=0 promptWidth=0
[INFO] HandleSize: width=1109 height=946 g_minibufferVisible=0
[INFO]   Minibuffer Layout: mbTop=924 mbHeight=0 promptWidth=0
[INFO] HandleSize: width=1109 height=946 g_minibufferVisible=0
[INFO]   Minibuffer Layout: mbTop=924 mbHeight=0 promptWidth=0
[INFO] HandleSize: width=1109 height=946 g_minibufferVisible=0
[INFO]   Minibuffer Layout: mbTop=924 mbHeight=0 promptWidth=0
